profilePictureUrl column already exists or was added successfully
resetRequestPending column already exists or was added successfully
tempPasswordDisplay column already exists or was added successfully
imageUrl column already exists or was added successfully
description column already exists or was added successfully
updated_at column already exists or was added successfully
readyToDeliver column already exists or was added successfully
contactPhone column already exists or was added successfully
tradeLicenseNumber column already exists or was added successfully
tinNumber column already exists or was added successfully
show_variant_details column already exists or was added successfully
max_visible_variants column already exists or was added successfully
updated_at column already exists or was added successfully
telegram_channel_id column already exists or was added successfully
imageUrl column already exists or was added successfully
imageUrl column already exists or was added successfully
paymentSlipUrl column already exists or was added successfully
dispatchInfo column already exists or was added successfully
deliveryDate column already exists or was added successfully
isClosed column already exists or was added successfully
feedback column already exists or was added successfully
requestedDeliveryDate column already exists or was added successfully
expectedReceiptDate column already exists or was added successfully
actualDispatchDate column already exists or was added successfully
confirmationDate column already exists or was added successfully
updated_at column already exists or was added successfully in orders table
orderPlacementDate column already exists or was added successfully
plannedDeliveryDate column already exists or was added successfully
sizeSetSampleApproved column already exists or was added successfully
productionStartDate column already exists or was added successfully
productionFinishedDate column already exists or was added successfully
isTotalUpdate column already exists or was added successfully
processStage column already exists or was added successfully
componentName column already exists or was added successfully
cuttingCompletionDate column already exists or was added successfully
productionCompletionDate column already exists or was added successfully
packingCompletionDate column already exists or was added successfully
deliveryCompletionDate column already exists or was added successfully
componentCount column already exists or was added successfully
Default factory user ensured in database
Default store user ensured in database
Default finance user ensured in database
Default planning user ensured in database
Default sample user ensured in database
Default cutting user ensured in database
Default sewing user ensured in database
Default finishing user ensured in database
Default packing user ensured in database
Default quality user ensured in database
Database initialized successfully
Testing with Order: ORD-1769276011261, Shop: SHP-1760360676725
1. Generating PDF...
Starting PDF generation for Order: ORD-1769276011261, Stage: order_placed
node.exe : Error in 
generateOrderTelegramPDF for 
ORD-1769276011261: TypeError: 
doc.autoTable is not a function
At line:1 char:1
+ & "C:\Program Files\nodejs/node.exe" 
"C:\Program Files\nodejs/node_mo ...
+ ~~~~~~~~~~~~~~~~~~~~~~~~~~~~~~~~~~~~~~~~
~~~~~~~~~~~~~~~~~~~~~~~~~~~~~
    + CategoryInfo          : NotSpecifie 
   d: (Error in genera... not a function  
  :String) [], RemoteException
    + FullyQualifiedErrorId : NativeComma 
   ndError
 
    at generateOrderTelegramPDF 
(C:\Users\USER 1\Documents\my_Codes\Careme
nt_Fashion\Carement_Central\Factory-Shop-E
RP\src\lib\shop-order-telegram-pdf.ts:174:
16)
    at async testManual (C:\Users\USER 1\D
ocuments\my_Codes\Carement_Fashion\Caremen
t_Central\Factory-Shop-ERP\test_telegram.t
s:20:21)
CRASHED: TypeError: doc.autoTable is not 
a function
    at generateOrderTelegramPDF 
(C:\Users\USER 1\Documents\my_Codes\Careme
nt_Fashion\Carement_Central\Factory-Shop-E
RP\src\lib\shop-order-telegram-pdf.ts:174:
16)
    at async testManual (C:\Users\USER 1\D
ocuments\my_Codes\Carement_Fashion\Caremen
t_Central\Factory-Shop-ERP\test_telegram.t
s:20:21)
